[backblue.gif]
[fade.gif]
[index.html]
[docs.odriverobotics.com/v/0.5.6/index.html]
[docs.odriverobotics.com/v/0.5.6/getting-started.html]
[docs.odriverobotics.com/v/0.5.6/_static/pygments0de2.css]
[docs.odriverobotics.com/v/0.5.6/_static/css/themeadc2.css]
[docs.odriverobotics.com/v/0.5.6/_static/copybutton3129.css]
[docs.odriverobotics.com/v/0.5.6/_static/tabs4c26.css]
[docs.odriverobotics.com/v/0.5.6/_static/sphinx-dropdownd0cc.css]
[docs.odriverobotics.com/v/0.5.6/_static/panels-bootstrap.mine1eb.css]
[docs.odriverobotics.com/v/0.5.6/_static/jquery3b25.js]
[docs.odriverobotics.com/v/0.5.6/_static/_sphinx_javascript_frameworks_compatfa9a.js]
[docs.odriverobotics.com/v/0.5.6/_static/documentation_optionse544.js]
[docs.odriverobotics.com/v/0.5.6/_static/doctools56c1.js]
[docs.odriverobotics.com/v/0.5.6/_static/sphinx_highlight7f57.js]
[docs.odriverobotics.com/v/0.5.6/_static/clipboard.min4664.js]
[docs.odriverobotics.com/v/0.5.6/_static/copybutton7689.js]
[docs.odriverobotics.com/v/0.5.6/_static/tabs0aa8.js]
[docs.odriverobotics.com/docsInject.js]
[docs.odriverobotics.com/v/0.5.6/_static/js/theme.js]
[docs.odriverobotics.com/v/0.5.6/genindex.html]
[docs.odriverobotics.com/v/0.5.6/search.html]
[docs.odriverobotics.com/v/0.5.6/odrivetool.html]
[docs.odriverobotics.com/v/0.5.6/index-2.html]
[docs.odriverobotics.com/v/0.5.6/control-modes.html]
[docs.odriverobotics.com/v/0.5.6/commands.html]
[docs.odriverobotics.com/v/0.5.6/encoders.html]
[docs.odriverobotics.com/v/0.5.6/control.html]
[docs.odriverobotics.com/v/0.5.6/troubleshooting.html]
[docs.odriverobotics.com/v/0.5.6/specifications.html]
[docs.odriverobotics.com/v/0.5.6/ground-loops.html]
[docs.odriverobotics.com/v/0.5.6/hoverboard.html]
[docs.odriverobotics.com/v/0.5.6/migration.html]
[docs.odriverobotics.com/v/0.5.6/can-guide.html]
[docs.odriverobotics.com/v/0.5.6/protocol.html]
[docs.odriverobotics.com/v/0.5.6/pinout.html]
[docs.odriverobotics.com/v/0.5.6/usb.html]
[docs.odriverobotics.com/v/0.5.6/uart.html]
[docs.odriverobotics.com/v/0.5.6/native-protocol.html]
[docs.odriverobotics.com/v/0.5.6/ascii-protocol.html]
[docs.odriverobotics.com/v/0.5.6/can-protocol.html]
[docs.odriverobotics.com/v/0.5.6/step-direction.html]
[docs.odriverobotics.com/v/0.5.6/rc-pwm.html]
[docs.odriverobotics.com/v/0.5.6/analog-input.html]
[docs.odriverobotics.com/v/0.5.6/endstops.html]
[docs.odriverobotics.com/v/0.5.6/thermistors.html]
[docs.odriverobotics.com/v/0.5.6/fibre_types/com_odriverobotics_ODrive.html]
[docs.odriverobotics.com/v/0.5.6/developer-guide.html]
[docs.odriverobotics.com/v/0.5.6/configuring-vscode.html]
[docs.odriverobotics.com/v/0.5.6/configuring-eclipse.html]
[docs.odriverobotics.com/v/0.5.6/changelog.html]
[docs.odriverobotics.com/v/0.5.6/_sources/getting-started.rst.txt]
[docs.odriverobotics.com/v/0.5.6/_images/ODriveBasicWiring.png]
[docs.odriverobotics.com/v/0.5.6/getting-started.html]
[docs.odriverobotics.com/v/0.5.6/_static/pygments0de2.css]
[docs.odriverobotics.com/v/0.5.6/_static/css/fonts/fontawesome-webfont2967.eot]
[docs.odriverobotics.com/v/0.5.6/_static/css/fonts/fontawesome-webfontfb78.eot]
[docs.odriverobotics.com/v/0.5.6/_static/css/fonts/fontawesome-webfontbb99.woff2]
[docs.odriverobotics.com/v/0.5.6/_static/css/fonts/fontawesome-webfontce29.woff]
[docs.odriverobotics.com/v/0.5.6/_static/css/fonts/fontawesome-webfont1bb7.ttf]
[docs.odriverobotics.com/v/0.5.6/_static/css/fonts/lato-normal96f5.woff2]
[docs.odriverobotics.com/v/0.5.6/_static/css/fonts/lato-normal86b9.woff]
[docs.odriverobotics.com/v/0.5.6/_static/css/fonts/lato-bold9f03.woff2]
[docs.odriverobotics.com/v/0.5.6/_static/css/fonts/lato-bolda132.woff]
[docs.odriverobotics.com/v/0.5.6/_static/css/fonts/lato-bold-italic01fb.woff2]
[docs.odriverobotics.com/v/0.5.6/_static/css/fonts/lato-bold-italic08c2.woff]
[docs.odriverobotics.com/v/0.5.6/_static/css/fonts/lato-normal-italicd12e.woff2]
[docs.odriverobotics.com/v/0.5.6/_static/css/fonts/lato-normal-italic9875.woff]
[docs.odriverobotics.com/v/0.5.6/_static/css/fonts/Roboto-Slab-Regular2a4d.woff2]
[docs.odriverobotics.com/v/0.5.6/_static/css/fonts/Roboto-Slab-Regular4c99.woff]
[docs.odriverobotics.com/v/0.5.6/_static/css/fonts/Roboto-Slab-Bold1abf.woff2]
[docs.odriverobotics.com/v/0.5.6/_static/css/fonts/Roboto-Slab-Boldff6a.woff]
[docs.odriverobotics.com/v/0.5.6/_static/css/themeadc2.css]
[docs.odriverobotics.com/v/0.5.6/_static/copybutton3129.css]
[docs.odriverobotics.com/v/0.5.6/_static/tabs4c26.css]
[docs.odriverobotics.com/v/0.5.6/_static/sphinx-dropdownd0cc.css]
[docs.odriverobotics.com/v/0.5.6/_static/panels-bootstrap.mine1eb.css]
[docs.odriverobotics.com/v/0.5.6/genindex.html]
[docs.odriverobotics.com/v/0.5.6/_static/searchtools.js]
[docs.odriverobotics.com/v/0.5.6/_static/language_data.js]
[docs.odriverobotics.com/v/0.5.6/searchindex.js]
[docs.odriverobotics.com/v/0.5.6/search.html]
[docs.odriverobotics.com/v/0.5.6/_sources/odrivetool.rst.txt]
[docs.odriverobotics.com/v/0.5.6/_images/stlink-wiring.jpg]
[docs.odriverobotics.com/v/0.5.6/_images/liveplotter-pos-estimate.png]
[docs.odriverobotics.com/v/0.5.6/_images/liveplotter-iq-omega.png]
[docs.odriverobotics.com/v/0.5.6/odrivetool.html]
[docs.odriverobotics.com/v/0.5.6/index-2.html]
[docs.odriverobotics.com/v/0.5.6/_sources/index.rst.txt]
[docs.odriverobotics.com/v/0.5.6/_sources/control-modes.rst.txt]
[docs.odriverobotics.com/v/0.5.6/_images/secondOrderResponse.png]
[docs.odriverobotics.com/v/0.5.6/_images/TrapTrajPosVel.png]
[docs.odriverobotics.com/v/0.5.6/_images/torque_mode_vel_limit.png]
[docs.odriverobotics.com/v/0.5.6/control-modes.html]
[docs.odriverobotics.com/v/0.5.6/commands.html]
[docs.odriverobotics.com/v/0.5.6/_sources/commands.rst.txt]
[docs.odriverobotics.com/v/0.5.6/encoders.html]
[docs.odriverobotics.com/v/0.5.6/_sources/encoders.rst.txt]
[cdn.jsdelivr.net/npm/mathjax@3/es5/tex-mml-chtml.js]
[docs.odriverobotics.com/v/0.5.6/_sources/control.rst.txt]
[docs.odriverobotics.com/v/0.5.6/_images/controller_with_ff.png]
[docs.odriverobotics.com/v/0.5.6/control.html]
[docs.odriverobotics.com/v/0.5.6/_sources/troubleshooting.rst.txt]
[docs.odriverobotics.com/v/0.5.6/troubleshooting.html]
[docs.odriverobotics.com/v/0.5.6/_sources/specifications.rst.txt]
[docs.odriverobotics.com/v/0.5.6/_images/mech_dimensions.png]
[docs.odriverobotics.com/v/0.5.6/specifications.html]
[docs.odriverobotics.com/v/0.5.6/_sources/ground-loops.rst.txt]
[docs.odriverobotics.com/v/0.5.6/_images/ground_loop_bad.png]
[docs.odriverobotics.com/v/0.5.6/_images/ground_loop_fix.png]
[docs.odriverobotics.com/v/0.5.6/ground-loops.html]
[docs.odriverobotics.com/v/0.5.6/hoverboard.html]
[docs.odriverobotics.com/v/0.5.6/_sources/hoverboard.rst.txt]
[docs.odriverobotics.com/v/0.5.6/migration.html]
[docs.odriverobotics.com/v/0.5.6/_sources/migration.rst.txt]
[docs.odriverobotics.com/v/0.5.6/_sources/can-guide.rst.txt]
[docs.odriverobotics.com/v/0.5.6/_images/CAN_Bus_Drawing.png]
[docs.odriverobotics.com/v/0.5.6/_images/Non_Isolated_CAN_Wiring.png]
[docs.odriverobotics.com/v/0.5.6/can-guide.html]
[docs.odriverobotics.com/v/0.5.6/protocol.html]
[docs.odriverobotics.com/v/0.5.6/_sources/protocol.rst.txt]
[docs.odriverobotics.com/v/0.5.6/pinout.html]
[docs.odriverobotics.com/v/0.5.6/_sources/pinout.rst.txt]
[docs.odriverobotics.com/v/0.5.6/usb.html]
[docs.odriverobotics.com/v/0.5.6/_sources/usb.rst.txt]
[docs.odriverobotics.com/v/0.5.6/uart.html]
[docs.odriverobotics.com/v/0.5.6/_sources/uart.rst.txt]
[docs.odriverobotics.com/v/0.5.6/native-protocol.html]
[docs.odriverobotics.com/v/0.5.6/_sources/native-protocol.rst.txt]
[docs.odriverobotics.com/v/0.5.6/ascii-protocol.html]
[docs.odriverobotics.com/v/0.5.6/_sources/ascii-protocol.rst.txt]
[docs.odriverobotics.com/v/0.5.6/_sources/can-protocol.rst.txt]
[docs.odriverobotics.com/v/0.5.6/_static/can-protocol.csv]
[docs.odriverobotics.com/v/0.5.6/can-protocol.html]
[docs.odriverobotics.com/v/0.5.6/step-direction.html]
[docs.odriverobotics.com/v/0.5.6/_sources/step-direction.rst.txt]
[docs.odriverobotics.com/v/0.5.6/rc-pwm.html]
[docs.odriverobotics.com/v/0.5.6/_sources/rc-pwm.rst.txt]
[docs.odriverobotics.com/v/0.5.6/analog-input.html]
[docs.odriverobotics.com/v/0.5.6/_sources/analog-input.rst.txt]
[docs.odriverobotics.com/v/0.5.6/_sources/endstops.rst.txt]
[docs.odriverobotics.com/v/0.5.6/_images/Endstop_configuration.png]
[docs.odriverobotics.com/v/0.5.6/_images/endstop_figure.png]
[docs.odriverobotics.com/v/0.5.6/endstops.html]
[docs.odriverobotics.com/v/0.5.6/_sources/thermistors.rst.txt]
[docs.odriverobotics.com/v/0.5.6/_images/thermistor-voltage-divider.png]
[docs.odriverobotics.com/v/0.5.6/thermistors.html]
[docs.odriverobotics.com/v/0.5.6/fibre_types/com_odriverobotics_ODrive.html]
[docs.odriverobotics.com/v/0.5.6/_sources/fibre_types/com_odriverobotics_ODrive.rst.txt]
[docs.odriverobotics.com/v/0.5.6/developer-guide.html]
[docs.odriverobotics.com/v/0.5.6/_sources/developer-guide.rst.txt]
[docs.odriverobotics.com/v/0.5.6/configuring-vscode.html]
[docs.odriverobotics.com/v/0.5.6/_sources/configuring-vscode.rst.txt]
[docs.odriverobotics.com/v/0.5.6/_sources/configuring-eclipse.rst.txt]
[docs.odriverobotics.com/v/0.5.6/_images/CodeAsMakefile.png]
[docs.odriverobotics.com/v/0.5.6/_images/ImportLaunch.png]
[docs.odriverobotics.com/v/0.5.6/_images/LaunchConfigFilter.png]
[docs.odriverobotics.com/v/0.5.6/configuring-eclipse.html]
[docs.odriverobotics.com/v/0.5.6/_sources/changelog.rst.txt]
[docs.odriverobotics.com/v/0.5.6/_downloads/e6a0fd181b662855247fa773acf66f5e/ODriveEnums.h]
[docs.odriverobotics.com/v/0.5.6/changelog.html]
[docs.odriverobotics.com/v/0.5.6/_static/css/fonts/fontawesome-webfont2f98.svg]
[cdn.discordapp.com/attachments/369667319280173069/420811057431445504/IMG_20180306_211224.jpg]
